[33mÔØ»[39m Building...
[32mÔ£ö[39m Building...
[1mInitial chunk files[22m[2m | [22m[1mNames[22m             [2m | [22m [1mRaw size[22m[2m | [22m[1mEstimated transfer size[22m
[32mchunk-U56G4F2S.js[39m  [2m | [22m[2m-[22m                 [2m | [22m[36m275.32 kB[39m[2m | [22m               [36m72.20 kB[39m
[32mstyles-RD33DQLM.css[39m[2m | [22m[2mstyles[22m            [2m | [22m[36m230.86 kB[39m[2m | [22m               [36m22.62 kB[39m
[32mscripts-TTWY4XDY.js[39m[2m | [22m[2mscripts[22m           [2m | [22m [36m80.45 kB[39m[2m | [22m               [36m21.60 kB[39m
[32mmain-YSFL3YRJ.js[39m   [2m | [22m[2mmain[22m              [2m | [22m [36m17.62 kB[39m[2m | [22m                [36m5.07 kB[39m

[1m [22m                  [2m | [22m[1mInitial total[22m     [2m | [22m[1m[93m604.25 kB[39m[22m[2m | [22m              [1m121.50 kB[22m

[1mLazy chunk files[22m   [2m | [22m[1mNames[22m             [2m | [22m [1mRaw size[22m[2m | [22m[1mEstimated transfer size[22m
[32mchunk-3XU6LMVU.js[39m  [2m | [22m[2mcoordinador-routes[22m[2m | [22m [36m99.88 kB[39m[2m | [22m               [36m22.91 kB[39m

Application bundle generation failed. [2.591 seconds] - 2026-03-25T04:37:19.196Z

node.exe : [1m[33m[33mÔû▓ 
[43;33m[[43;30mWARNING[43;33m][0m 
[1mbundle initial exceeded maximum budget. 
Budget 500.00 kB was not met by 104.25 kB with 
a total of 604.25 kB.[0m
En línea: 1 Carácter: 1
+ & "C:\Program Files\nodejs/node.exe" 
"C:\Program Files\nodejs/node_mo ...
+ ~~~~~~~~~~~~~~~~~~~~~~~~~~~~~~~~~~~~~~~~~~~~~~
~~~~~~~~~~~~~~~~~~~~~~~
    + CategoryInfo          : NotSpecified: ([ 
   1m[33m[33mÔ... 604.25 kB.[0m:String) [],  
   RemoteException
    + FullyQualifiedErrorId : NativeCommandErro 
   r
 


[33mÔû▓ [43;33m[[43;30mWARNING[43;33m][0m 
[1msrc/app/components/coordinador/layout/coordin
ador-layout.component.css exceeded maximum 
budget. Budget 4.00 kB was not met by 14.95 kB 
with a total of 18.95 kB.[0m

[39m[22m
[1m[31m[31mX 
[41;31m[[41;97mERROR[41;31m][0m [1msrc/app/
components/coordinador/layout/coordinador-layout
.component.css exceeded maximum budget. Budget 
8.00 kB was not met by 10.95 kB with a total of 
18.95 kB.[0m

[39m[22m
